---
source: tab/tests/reconnect.rs
expression: result.stdout
---
$ echo foo
foo
$ exit
exit

