---
source: tab/tests/switch.rs
expression: result.stdout
---
$ echo from
from
$ 

