---
source: tab/tests/switch.rs
expression: result.stdout
---
$ echo target
target
$ 

