---
source: tab-cli/tests/session.rs
expression: output
---
$ echo foo
foo
$ exit

