---
source: tab/tests/simple.rs
expression: "&result.snapshot"
---
$ exit

