---
source: tab-cli/tests/switch.rs
expression: result.stdout
---
$ echo b
b
$ 
