---
source: tab-cli/tests/simple.rs
expression: output_string
---
"\u{1b}[?1034hsh-3.2$ echo foo\r\r\nfoo\r\r\nsh-3.2$ exit\r\r\nexit\r\r\n"
