---
source: tab-cli/tests/switch.rs
expression: result.stdout
---
$ echo a
a
$ $TAB_BIN switch/b/
$ echo b
b
$ exit
exit

